// Vitest Snapshot v1, https://vitest.dev/guide/snapshot.html

exports[`DataSelector > renders without crashing 1`] = `
<div>
  <div
    class="_container_2c7adc"
  >
    <div
      class="_layout_114a38"
    >
      <div
        class="_content_114a38"
        style="padding: 32px; max-width: 1200px; margin: 0px auto;"
      >
        <div
          class="_layoutContainer_2c7adc"
        >
          <div
            class="_container_d06ca8"
          >
            <div
              class="MuiFormControl-root css-lhcvfo-MuiFormControl-root"
            >
              <label
                class="MuiFormLabel-root MuiInputLabel-root MuiInputLabel-formControl MuiInputLabel-animated MuiInputLabel-outlined MuiFormLabel-colorPrimary MuiInputLabel-root MuiInputLabel-formControl MuiInputLabel-animated MuiInputLabel-outlined css-11cwc9r-MuiFormLabel-root-MuiInputLabel-root"
                data-shrink="false"
              >
                Data Type
              </label>
            </div>
            <div
              class="MuiFormControl-root css-lhcvfo-MuiFormControl-root"
            >
              <label
                class="MuiFormLabel-root MuiInputLabel-root MuiInputLabel-formControl MuiInputLabel-animated MuiInputLabel-outlined MuiFormLabel-colorPrimary MuiInputLabel-root MuiInputLabel-formControl MuiInputLabel-animated MuiInputLabel-outlined css-11cwc9r-MuiFormLabel-root-MuiInputLabel-root"
                data-shrink="false"
              >
                Field Name
              </label>
            </div>
            <div
              class="_deleteIconSpacer_d06ca8"
              data-testid="delete-icon-spacer"
            />
          </div>
          <div
            class="_container_31227a"
          >
            <div
              class="MuiFormControl-root css-lhcvfo-MuiFormControl-root"
            >
              <label
                class="MuiFormLabel-root MuiInputLabel-root MuiInputLabel-formControl MuiInputLabel-animated MuiInputLabel-shrink MuiInputLabel-sizeSmall MuiInputLabel-outlined MuiFormLabel-colorPrimary MuiFormLabel-filled MuiInputLabel-root MuiInputLabel-formControl MuiInputLabel-animated MuiInputLabel-shrink MuiInputLabel-sizeSmall MuiInputLabel-outlined css-fvfvjf-MuiFormLabel-root-MuiInputLabel-root"
                data-shrink="true"
                data-testid="data-type-input"
                id="demo-simple-select-label"
              >
                Data Type
              </label>
              <div
                class="MuiInputBase-root MuiOutlinedInput-root MuiInputBase-colorPrimary MuiInputBase-formControl MuiInputBase-sizeSmall MuiSelect-root css-pq298w-MuiInputBase-root-MuiOutlinedInput-root-MuiSelect-root"
                data-testid="data-selector-field"
              >
                <div
                  aria-expanded="false"
                  aria-haspopup="listbox"
                  aria-labelledby="demo-simple-select-label"
                  class="MuiSelect-select MuiSelect-outlined MuiInputBase-input MuiOutlinedInput-input css-1vjigll-MuiNativeSelect-root-MuiSelect-select-MuiInputBase-input-MuiOutlinedInput-input"
                  id="demo-simple-select"
                  role="combobox"
                  tabindex="0"
                >
                  Name
                </div>
                <input
                  aria-hidden="true"
                  aria-invalid="false"
                  class="MuiSelect-nativeInput css-j0riat-MuiSelect-nativeInput"
                  id="_r_2_"
                  tabindex="-1"
                  value="name"
                />
                <svg
                  aria-hidden="true"
                  class="MuiSvgIcon-root MuiSvgIcon-fontSizeMedium MuiSelect-icon css-1rfqz7c-MuiSvgIcon-root-MuiNativeSelect-root-MuiSelect-icon"
                  data-testid="ArrowDropDownIcon"
                  focusable="false"
                  viewBox="0 0 24 24"
                >
                  <path
                    d="M7 10l5 5 5-5z"
                  />
                </svg>
                <fieldset
                  aria-hidden="true"
                  class="MuiOutlinedInput-notchedOutline css-18p5xg2-MuiNotchedOutlined-root-MuiOutlinedInput-notchedOutline"
                >
                  <legend
                    class="css-ex8a5f-MuiNotchedOutlined-root"
                  >
                    <span>
                      Data Type
                    </span>
                  </legend>
                </fieldset>
              </div>
            </div>
            <div
              class="MuiFormControl-root MuiTextField-root css-1hyqeih-MuiFormControl-root-MuiTextField-root"
              data-testid="name-input"
            >
              <label
                class="MuiFormLabel-root MuiInputLabel-root MuiInputLabel-formControl MuiInputLabel-animated MuiInputLabel-shrink MuiInputLabel-sizeSmall MuiInputLabel-outlined MuiFormLabel-colorPrimary MuiFormLabel-filled MuiInputLabel-root MuiInputLabel-formControl MuiInputLabel-animated MuiInputLabel-shrink MuiInputLabel-sizeSmall MuiInputLabel-outlined css-fvfvjf-MuiFormLabel-root-MuiInputLabel-root"
                data-shrink="true"
                for="outlined-basic"
                id="outlined-basic-label"
              >
                Field Name
              </label>
              <div
                class="MuiInputBase-root MuiOutlinedInput-root MuiInputBase-colorPrimary MuiInputBase-formControl MuiInputBase-sizeSmall css-1uij4qm-MuiInputBase-root-MuiOutlinedInput-root"
              >
                <input
                  aria-invalid="false"
                  class="MuiInputBase-input MuiOutlinedInput-input css-1pzfmz2-MuiInputBase-input-MuiOutlinedInput-input"
                  id="outlined-basic"
                  type="text"
                  value="Field 1"
                />
                <fieldset
                  aria-hidden="true"
                  class="MuiOutlinedInput-notchedOutline css-18p5xg2-MuiNotchedOutlined-root-MuiOutlinedInput-notchedOutline"
                >
                  <legend
                    class="css-ex8a5f-MuiNotchedOutlined-root"
                  >
                    <span>
                      Field Name
                    </span>
                  </legend>
                </fieldset>
              </div>
            </div>
            <button
              aria-label="delete"
              class="MuiButtonBase-root MuiIconButton-root MuiIconButton-sizeSmall css-15yxk52-MuiButtonBase-root-MuiIconButton-root"
              data-testid="delete-button"
              tabindex="0"
              type="button"
            >
              <svg
                aria-hidden="true"
                class="MuiSvgIcon-root MuiSvgIcon-fontSizeInherit css-1ckov0h-MuiSvgIcon-root"
                data-testid="DeleteIcon"
                focusable="false"
                viewBox="0 0 24 24"
              >
                <path
                  d="M6 19c0 1.1.9 2 2 2h8c1.1 0 2-.9 2-2V7H6zM19 4h-3.5l-1-1h-5l-1 1H5v2h14z"
                />
              </svg>
            </button>
          </div>
          <button
            class="MuiButtonBase-root MuiButton-root MuiButton-contained MuiButton-sizeMedium MuiButton-colorPrimary css-lq4w2a-MuiButtonBase-root-MuiButton-root"
            data-testid="add-new-row-button"
            tabindex="0"
            type="button"
          >
            <span
              class="MuiButton-icon MuiButton-startIcon css-1lxyhll-MuiButton-startIcon"
            >
              <svg
                aria-hidden="true"
                class="MuiSvgIcon-root MuiSvgIcon-fontSizeMedium css-1umw9bq-MuiSvgIcon-root"
                data-testid="AddIcon"
                focusable="false"
                viewBox="0 0 24 24"
              >
                <path
                  d="M19 13h-6v6h-2v-6H5v-2h6V5h2v6h6z"
                />
              </svg>
            </span>
            Add New Row
          </button>
        </div>
      </div>
    </div>
  </div>
</div>
`;
